17:32:45 **** Incremental Build of configuration Debug for project FreeRTOS_LED ****
make -j12 all 
arm-none-eabi-gcc "../Core/Src/main.c" -mcpu=cortex-m4 -std=gnu11 -g3 -DDEBUG -DUSE_HAL_DRIVER -DSTM32F446xx -c -I../Core/Inc -I../Drivers/STM32F4xx_HAL_Driver/Inc -I../Drivers/STM32F4xx_HAL_Driver/Inc/Legacy -I../Drivers/CMSIS/Device/ST/STM32F4xx/Include -I../Drivers/CMSIS/Include -I../Middlewares/Third_Party/FreeRTOS/Source/include -I../Middlewares/Third_Party/FreeRTOS/Source/CMSIS_RTOS -I../Middlewares/Third_Party/FreeRTOS/Source/portable/GCC/ARM_CM4F -O0 -ffunction-sections -fdata-sections -Wall -fstack-usage -fcyclomatic-complexity -MMD -MP -MF"Core/Src/main.d" -MT"Core/Src/main.o" --specs=nano.specs -mfpu=fpv4-sp-d16 -mfloat-abi=hard -mthumb -o "Core/Src/main.o"
arm-none-eabi-gcc -o "FreeRTOS_LED.elf" @"objects.list"   -mcpu=cortex-m4 -T"C:\Users\rames\git\STM32Cube_FREERTOS\FreeRTOS_LED\STM32F446RETX_FLASH.ld" --specs=nosys.specs -Wl,-Map="FreeRTOS_LED.map" -Wl,--gc-sections -static --specs=nano.specs -mfpu=fpv4-sp-d16 -mfloat-abi=hard -mthumb -Wl,--start-group -lc -lm -Wl,--end-group
Finished building target: FreeRTOS_LED.elf
 
arm-none-eabi-size   FreeRTOS_LED.elf 
arm-none-eabi-objdump -h -S  FreeRTOS_LED.elf  > "FreeRTOS_LED.list"
   text	   data	    bss	    dec	    hex	filename
  19016	    132	  18116	  37264	   9190	FreeRTOS_LED.elf
Finished building: default.size.stdout
 
Finished building: FreeRTOS_LED.list
 

17:32:47 Build Finished. 0 errors, 0 warnings. (took 1s.847ms)

