12:33:41 **** Incremental Build of configuration Debug for project time_7segment ****
make -j12 all 
arm-none-eabi-gcc "../Core/Src/main.c" -mcpu=cortex-m4 -std=gnu11 -g3 -DDEBUG -DUSE_HAL_DRIVER -DSTM32F446xx -c -I../Core/Inc -I../Drivers/STM32F4xx_HAL_Driver/Inc -I../Drivers/STM32F4xx_HAL_Driver/Inc/Legacy -I../Drivers/CMSIS/Device/ST/STM32F4xx/Include -I../Drivers/CMSIS/Include -I../Middlewares/Third_Party/FreeRTOS/Source/include -I../Middlewares/Third_Party/FreeRTOS/Source/CMSIS_RTOS -I../Middlewares/Third_Party/FreeRTOS/Source/portable/GCC/ARM_CM4F -O0 -ffunction-sections -fdata-sections -Wall -fstack-usage -fcyclomatic-complexity -MMD -MP -MF"Core/Src/main.d" -MT"Core/Src/main.o" --specs=nano.specs -mfpu=fpv4-sp-d16 -mfloat-abi=hard -mthumb -o "Core/Src/main.o"
arm-none-eabi-gcc -o "time_7segment.elf" @"objects.list"   -mcpu=cortex-m4 -T"C:\Users\rames\STM32CubeIDE\workspace_1.12.1\time_7segment\STM32F446RETX_FLASH.ld" --specs=nosys.specs -Wl,-Map="time_7segment.map" -Wl,--gc-sections -static --specs=nano.specs -mfpu=fpv4-sp-d16 -mfloat-abi=hard -mthumb -Wl,--start-group -lc -lm -Wl,--end-group
Finished building target: time_7segment.elf
 
arm-none-eabi-size   time_7segment.elf 
arm-none-eabi-objdump -h -S  time_7segment.elf  > "time_7segment.list"
   text	   data	    bss	    dec	    hex	filename
  15752	    124	  18068	  33944	   8498	time_7segment.elf
Finished building: default.size.stdout
 
Finished building: time_7segment.list
 

12:33:43 Build Finished. 0 errors, 0 warnings. (took 1s.618ms)

